main.c:31:5:main	8	static
main.c:50:6:task1_run	8	static
main.c:61:6:task2_run	8	static
main.c:72:6:task3_run	8	static
main.c:83:6:task4_run	8	static
main.c:94:6:idle_task	4	static
main.c:99:6:init_Systick	32	static
main.c:113:29:init_Scheduler_Stack	0	static,ignoring_inline_asm
main.c:119:29:PendSV_Handler	0	static,ignoring_inline_asm
main.c:149:6:update_global_tick_count	4	static
main.c:154:6:unblock_tasks	16	static
main.c:169:6:SysTick_Handler	16	static
main.c:181:6:save_psp	16	static
main.c:186:6:init_Tasks_Stack	24	static
main.c:227:6:enable_processor_faults	4	static
main.c:234:6:HardFault_Handler	8	static
main.c:240:6:MemManage_Handler	8	static
main.c:246:6:BusFault_Handler	8	static
main.c:259:10:get_psp	4	static
main.c:263:29:switch_sp_to_psp	0	static,ignoring_inline_asm
main.c:278:6:update_next_task	16	static
main.c:295:6:schedule	16	static
main.c:303:6:task_delay	16	static,ignoring_inline_asm
